// Vitest Snapshot v1

exports[`<LastReleased /> > タグ形式の URI 1`] = `"<div aria-live=\\"polite\\" class=\\"MuiBox-root css-xxxxxxxx\\"><div class=\\"MuiStack-root css-xxxxxxxx\\"><div class=\\"MuiStack-root css-xxxxxxxx\\"><h6 class=\\"MuiTypography-root MuiTypography-h6 MuiTypography-root css-xxxxxxxx\\">前回リリースイメージ URI</h6><h6 class=\\"MuiTypography-root MuiTypography-subtitle1 MuiTypography-root css-xxxxxxxx\\">000000000000.dkr.ecr.ap-northeast-1.amazonaws.com/hoge:latest</h6></div><div class=\\"MuiStack-root css-xxxxxxxx\\"><h6 class=\\"MuiTypography-root MuiTypography-h6 MuiTypography-root css-xxxxxxxx\\">前回リリース日時</h6><h6 class=\\"MuiTypography-root MuiTypography-subtitle1 MuiTypography-root css-xxxxxxxx\\">2022-01-01 00:00</h6></div></div></div>"`;

exports[`<LastReleased /> > ダイジェスト形式の URI 1`] = `"<div aria-live=\\"polite\\" class=\\"MuiBox-root css-xxxxxxxx\\"><div class=\\"MuiStack-root css-xxxxxxxx\\"><div class=\\"MuiStack-root css-xxxxxxxx\\"><h6 class=\\"MuiTypography-root MuiTypography-h6 MuiTypography-root css-xxxxxxxx\\">前回リリースイメージ URI</h6><h6 class=\\"MuiTypography-root MuiTypography-subtitle1 MuiTypography-root css-xxxxxxxx\\">000000000000.dkr.ecr.ap-northeast-1.amazonaws.com/fuga@sha256:20b39162cb057eab7168652ab012ae3712f164bf2b4ef09e6541fca4ead3df62</h6></div><div class=\\"MuiStack-root css-xxxxxxxx\\"><h6 class=\\"MuiTypography-root MuiTypography-h6 MuiTypography-root css-xxxxxxxx\\">前回リリース日時</h6><h6 class=\\"MuiTypography-root MuiTypography-subtitle1 MuiTypography-root css-xxxxxxxx\\">2022-12-31 23:59</h6></div></div></div>"`;
