// Vitest Snapshot v1

exports[`<RepositoryButton /> > リポジトリボタン 1`] = `"<button type=\\"button\\" title=\\"repository1 を選択\\" tabindex=\\"0\\" class=\\"MuiButtonBase-root MuiButton-root MuiButton-outlined MuiButton-outlinedInherit MuiButton-sizeSmall MuiButton-outlinedSizeSmall MuiButton-colorInherit MuiButton-root MuiButtonBase-root css-xxxxxxxx\\">repository1<span class=\\"MuiTouchRipple-root css-xxxxxxxx\\"></span></button>"`;

exports[`<RepositoryButton /> > リポジトリボタン 2`] = `"<button type=\\"button\\" title=\\"repository1 を選択\\" tabindex=\\"0\\" class=\\"MuiButtonBase-root MuiButton-root MuiButton-contained MuiButton-containedPrimary MuiButton-sizeSmall MuiButton-containedSizeSmall MuiButton-root MuiButtonBase-root css-xxxxxxxx_1\\">repository1<span class=\\"MuiTouchRipple-root css-xxxxxxxx\\"></span></button>"`;
