// Vitest Snapshot v1

exports[`<RepositoryButton /> > リポジトリボタン 1`] = `"<button class=\\"MuiButtonBase-root MuiButton-root MuiButton-outlined MuiButton-outlinedInherit MuiButton-sizeSmall MuiButton-outlinedSizeSmall MuiButton-colorInherit MuiButton-root MuiButtonBase-root css-xxxxxxxx\\" tabindex=\\"0\\" title=\\"repository1 を選択\\" type=\\"button\\">repository1<span class=\\"MuiTouchRipple-root css-xxxxxxxx\\"></span></button>"`;

exports[`<RepositoryButton /> > リポジトリボタン 2`] = `"<button class=\\"MuiButtonBase-root MuiButton-root MuiButton-contained MuiButton-containedPrimary MuiButton-sizeSmall MuiButton-containedSizeSmall MuiButton-root MuiButtonBase-root css-xxxxxxxx_1\\" tabindex=\\"0\\" title=\\"repository1 を選択\\" type=\\"button\\">repository1<span class=\\"MuiTouchRipple-root css-xxxxxxxx\\"></span></button>"`;
