// Vitest Snapshot v1

exports[`<RepositoryButton /> > リポジトリボタン 1`] = `"<button class=\\"MuiButtonBase-root MuiButton-root MuiButton-outlined MuiButton-outlinedInherit MuiButton-sizeSmall MuiButton-outlinedSizeSmall MuiButton-colorInherit MuiButton-root MuiButtonBase-root css-xxxxxx\\" type=\\"button\\" title=\\"repository1 を選択\\" tabindex=\\"0\\">repository1<span class=\\"MuiTouchRipple-root MuiTouchRipple-root css-xxxxxx\\"></span></button>"`;

exports[`<RepositoryButton /> > リポジトリボタン 2`] = `"<button class=\\"MuiButtonBase-root MuiButton-root MuiButton-contained MuiButton-containedPrimary MuiButton-sizeSmall MuiButton-containedSizeSmall MuiButton-root MuiButtonBase-root css-xxxxxx\\" type=\\"button\\" title=\\"repository1 を選択\\" tabindex=\\"0\\">repository1<span class=\\"MuiTouchRipple-root MuiTouchRipple-root css-xxxxxx\\"></span></button>"`;
