// Vitest Snapshot v1

exports[`<ServiceButton /> > サービスボタン 1`] = `"<button type=\\"button\\" class=\\"MuiButtonBase-root MuiButton-root MuiButton-outlined MuiButton-outlinedInherit MuiButton-sizeSmall MuiButton-outlinedSizeSmall MuiButton-colorInherit MuiButton-root MuiButtonBase-root css-xxxxxxxx\\" title=\\"service1 を選択\\" tabindex=\\"0\\">service1<span class=\\"MuiTouchRipple-root css-xxxxxxxx\\"></span></button>"`;

exports[`<ServiceButton /> > サービスボタン 2`] = `"<button type=\\"button\\" class=\\"MuiButtonBase-root MuiButton-root MuiButton-contained MuiButton-containedPrimary MuiButton-sizeSmall MuiButton-containedSizeSmall MuiButton-root MuiButtonBase-root css-xxxxxxxx_1\\" title=\\"service1 を選択\\" tabindex=\\"0\\">service1<span class=\\"MuiTouchRipple-root css-xxxxxxxx\\"></span></button>"`;
