// Vitest Snapshot v1

exports[`<TitleBar /> > ステージング環境 1`] = `"<div class=\\"MuiPaper-root MuiPaper-elevation MuiPaper-elevation4 MuiAppBar-root MuiAppBar-colorPrimary MuiAppBar-positionStatic MuiAppBar-root MuiPaper-root css-xxxxxxxx\\"><div class=\\"MuiTypography-root MuiTypography-h6 MuiTypography-root css-xxxxxxxx\\">ステージング環境・コンテナリリース設定</div></div>"`;

exports[`<TitleBar /> > テスト環境 1`] = `"<div class=\\"MuiPaper-root MuiPaper-elevation MuiPaper-elevation4 MuiAppBar-root MuiAppBar-colorPrimary MuiAppBar-positionStatic MuiAppBar-root MuiPaper-root css-xxxxxxxx\\"><div class=\\"MuiTypography-root MuiTypography-h6 MuiTypography-root css-xxxxxxxx\\">テスト環境・コンテナリリース設定</div></div>"`;

exports[`<TitleBar /> > 指定なし 1`] = `"<div class=\\"MuiPaper-root MuiPaper-elevation MuiPaper-elevation4 MuiAppBar-root MuiAppBar-colorPrimary MuiAppBar-positionStatic MuiAppBar-root MuiPaper-root css-xxxxxxxx\\"><div class=\\"MuiTypography-root MuiTypography-h6 MuiTypography-root css-xxxxxxxx\\">コンテナリリース設定</div></div>"`;

exports[`<TitleBar /> > 本番環境 1`] = `"<div class=\\"MuiPaper-root MuiPaper-elevation MuiPaper-elevation4 MuiAppBar-root MuiAppBar-colorPrimary MuiAppBar-positionStatic MuiAppBar-root MuiPaper-root css-xxxxxxxx\\"><div class=\\"MuiTypography-root MuiTypography-h6 MuiTypography-root css-xxxxxxxx\\">本番環境・コンテナリリース設定</div></div>"`;
